\BOOKMARK [0][-]{chapter*.2}{\376\377\004\022\004\062\004\065\004\064\004\065\004\075\004\070\004\065}{}% 1
\BOOKMARK [0][-]{chapter.1}{\376\377\004\030\004\101\004\105\004\076\004\064\004\075\004\113\004\065\000\040\004\074\004\060\004\102\004\065\004\100\004\070\004\060\004\073\004\113\000\040\004\070\000\040\004\102\004\065\004\076\004\100\004\065\004\102\004\070\004\107\004\065\004\101\004\072\004\060\004\117\000\040\004\061\004\060\004\067\004\060}{}% 2
\BOOKMARK [1][-]{section.1.1}{\376\377\004\043\004\107\004\065\004\061\004\075\004\113\004\071\000\040\004\074\004\060\004\102\004\065\004\100\004\070\004\060\004\073}{chapter.1}% 3
\BOOKMARK [1][-]{section.1.2}{\376\377\004\036\004\077\004\070\004\101\004\060\004\075\004\070\004\065\000\040\004\064\004\060\004\102\004\060\004\101\004\065\004\102\004\060}{chapter.1}% 4
\BOOKMARK [1][-]{section.1.3}{\376\377\004\037\004\076\004\101\004\102\004\060\004\075\004\076\004\062\004\072\004\060\000\040\004\067\004\060\004\064\004\060\004\107\004\070}{chapter.1}% 5
\BOOKMARK [0][-]{chapter.2}{\376\377\004\020\004\100\004\105\004\070\004\102\004\065\004\072\004\102\004\103\004\100\004\060\000\040\004\077\004\100\004\070\004\073\004\076\004\066\004\065\004\075\004\070\004\117}{}% 6
\BOOKMARK [1][-]{section.2.1}{\376\377\004\036\004\061\004\111\004\070\004\065\000\040\004\077\004\100\004\070\004\075\004\106\004\070\004\077\004\113}{chapter.2}% 7
\BOOKMARK [1][-]{section.2.2}{\376\377\004\020\004\075\004\060\004\073\004\070\004\067\000\040\004\072\004\076\004\064\004\060}{chapter.2}% 8
\BOOKMARK [1][-]{section.2.3}{\376\377\004\041\004\102\004\100\004\103\004\072\004\102\004\103\004\100\004\060\000\040\004\077\004\100\004\076\004\065\004\072\004\102\004\060}{chapter.2}% 9
\BOOKMARK [1][-]{section.2.4}{\376\377\004\030\004\065\004\100\004\060\004\100\004\105\004\070\004\117\000\040\004\072\004\073\004\060\004\101\004\101\004\076\004\062\000\040\004\067\004\060\004\064\004\060\004\107}{chapter.2}% 10
\BOOKMARK [1][-]{section.2.5}{\376\377\004\027\004\060\004\077\004\103\004\101\004\072}{chapter.2}% 11
\BOOKMARK [0][-]{chapter.3}{\376\377\000E\000D\000A}{}% 12
\BOOKMARK [1][-]{section.3.1}{\376\377\004\021\004\060\004\067\004\076\004\062\004\113\004\065\000\040\004\105\004\060\004\100\004\060\004\072\004\102\004\065\004\100\004\070\004\101\004\102\004\070\004\072\004\070\000\040\004\064\004\060\004\102\004\060\004\101\004\065\004\102\004\060}{chapter.3}% 13
\BOOKMARK [1][-]{section.3.2}{\376\377\004\037\004\100\004\076\004\062\004\065\004\100\004\072\004\060\000\040\004\076\004\077\004\100\004\065\004\064\004\065\004\073\004\065\004\075\004\070\004\117\000\040\000S\000I}{chapter.3}% 14
\BOOKMARK [1][-]{section.3.3}{\376\377\004\040\004\060\004\101\004\077\004\100\004\065\004\064\004\065\004\073\004\065\004\075\004\070\004\117\000\040\004\106\004\065\004\073\004\065\004\062\004\113\004\105\000\040\004\077\004\065\004\100\004\065\004\074\004\065\004\075\004\075\004\113\004\105}{chapter.3}% 15
\BOOKMARK [1][-]{section.3.4}{\376\377\004\037\004\060\004\100\004\075\004\113\004\065\000\040\004\067\004\060\004\062\004\070\004\101\004\070\004\074\004\076\004\101\004\102\004\070\000\040\004\074\004\065\004\066\004\064\004\103\000\040\004\102\004\060\004\100\004\063\004\065\004\102\004\060\004\074\004\070}{chapter.3}% 16
\BOOKMARK [1][-]{section.3.5}{\376\377\004\032\004\076\004\100\004\100\004\065\004\073\004\117\004\106\004\070\004\076\004\075\004\075\004\113\004\071\000\040\004\060\004\075\004\060\004\073\004\070\004\067\000\040\004\077\004\100\004\070\004\067\004\075\004\060\004\072\004\076\004\062\000\040\004\101\000\040\004\102\004\060\004\100\004\063\004\065\004\102\004\060\004\074\004\070}{chapter.3}% 17
\BOOKMARK [1][-]{section.3.6}{\376\377\004\044\004\070\004\073\004\114\004\102\004\100\004\060\004\106\004\070\004\117\000\040\004\077\004\100\004\070\004\067\004\075\004\060\004\072\004\076\004\062}{chapter.3}% 18
\BOOKMARK [1][-]{section.3.7}{\376\377\004\021\004\060\004\073\004\060\004\075\004\101\000\040\004\072\004\073\004\060\004\101\004\101\004\076\004\062\000\040\004\064\004\073\004\117\000\040\004\067\004\060\004\064\004\060\004\107\000\040\004\072\004\073\004\060\004\101\004\101\004\070\004\104\004\070\004\072\004\060\004\106\004\070\004\070}{chapter.3}% 19
\BOOKMARK [1][-]{section.3.8}{\376\377\004\036\004\061\004\073\004\060\004\101\004\102\004\114\000\040\004\077\004\100\004\070\004\074\004\065\004\075\004\070\004\074\004\076\004\101\004\102\004\070\000\040\000\050\000A\000p\000p\000l\000i\000c\000a\000b\000i\000l\000i\000t\000y\000\040\000D\000o\000m\000a\000i\000n\000\051}{chapter.3}% 20
\BOOKMARK [1][-]{section.3.9}{\376\377\004\041\004\062\004\076\004\064\004\072\004\060\000\040\004\100\004\065\004\110\004\065\004\075\004\070\004\071\000\040\004\077\004\076\000\040\000E\000D\000A}{chapter.3}% 21
\BOOKMARK [0][-]{chapter.4}{\376\377\004\030\004\075\004\101\004\102\004\100\004\103\004\074\004\065\004\075\004\102\004\060\004\100\004\070\004\071\000\040\004\070\000\040\004\074\004\065\004\102\004\076\004\064\004\076\004\073\004\076\004\063\004\070\004\117\000\040\004\074\004\076\004\064\004\065\004\073\004\070\004\100\004\076\004\062\004\060\004\075\004\070\004\117}{}% 22
\BOOKMARK [1][-]{section.4.1}{\376\377\004\030\004\101\004\077\004\076\004\073\004\114\004\067\004\076\004\062\004\060\004\075\004\075\004\113\004\065\000\040\004\061\004\070\004\061\004\073\004\070\004\076\004\102\004\065\004\072\004\070}{chapter.4}% 23
\BOOKMARK [1][-]{section.4.2}{\376\377\004\041\004\076\004\101\004\102\004\060\004\062\000\040\004\074\004\076\004\064\004\065\004\073\004\065\004\071\000-\004\072\004\060\004\075\004\064\004\070\004\064\004\060\004\102\004\076\004\062}{chapter.4}% 24
\BOOKMARK [1][-]{section.4.3}{\376\377\004\025\004\064\004\070\004\075\004\113\004\071\000\040\004\077\004\060\004\071\004\077\004\073\004\060\004\071\004\075\000\040\004\076\004\061\004\103\004\107\004\065\004\075\004\070\004\117}{chapter.4}% 25
\BOOKMARK [0][-]{chapter.5}{\376\377\004\040\004\065\004\067\004\103\004\073\004\114\004\102\004\060\004\102\004\113\000\040\004\100\004\065\004\063\004\100\004\065\004\101\004\101\004\070\004\076\004\075\004\075\004\113\004\105\000\040\004\074\004\076\004\064\004\065\004\073\004\065\004\071}{}% 26
\BOOKMARK [1][-]{section.5.1}{\376\377\004\040\004\065\004\063\004\100\004\065\004\101\004\101\004\070\004\117\000\040\000I\000C\0005\0000}{chapter.5}% 27
\BOOKMARK [1][-]{section.5.2}{\376\377\004\040\004\065\004\063\004\100\004\065\004\101\004\101\004\070\004\117\000\040\000C\000C\0005\0000}{chapter.5}% 28
\BOOKMARK [1][-]{section.5.3}{\376\377\004\040\004\065\004\063\004\100\004\065\004\101\004\101\004\070\004\117\000\040\000S\000I}{chapter.5}% 29
\BOOKMARK [0][-]{chapter.6}{\376\377\004\040\004\065\004\067\004\103\004\073\004\114\004\102\004\060\004\102\004\113\000\040\004\072\004\073\004\060\004\101\004\101\004\070\004\104\004\070\004\072\004\060\004\106\004\070\004\076\004\075\004\075\004\113\004\105\000\040\004\074\004\076\004\064\004\065\004\073\004\065\004\071}{}% 30
\BOOKMARK [1][-]{section.6.1}{\376\377\004\032\004\073\004\060\004\101\004\101\004\070\004\104\004\070\004\072\004\060\004\106\004\070\004\117\000:\000\040\000I\000C\0005\0000\000\040\004\062\004\113\004\110\004\065\000\040\004\074\004\065\004\064\004\070\004\060\004\075\004\113}{chapter.6}% 31
\BOOKMARK [1][-]{section.6.2}{\376\377\004\032\004\073\004\060\004\101\004\101\004\070\004\104\004\070\004\072\004\060\004\106\004\070\004\117\000:\000\040\000C\000C\0005\0000\000\040\004\062\004\113\004\110\004\065\000\040\004\074\004\065\004\064\004\070\004\060\004\075\004\113}{chapter.6}% 32
\BOOKMARK [1][-]{section.6.3}{\376\377\004\032\004\073\004\060\004\101\004\101\004\070\004\104\004\070\004\072\004\060\004\106\004\070\004\117\000:\000\040\000S\000I\000\040\004\062\004\113\004\110\004\065\000\040\004\074\004\065\004\064\004\070\004\060\004\075\004\113}{chapter.6}% 33
\BOOKMARK [1][-]{section.6.4}{\376\377\004\032\004\073\004\060\004\101\004\101\004\070\004\104\004\070\004\072\004\060\004\106\004\070\004\117\000:\000\040\000S\000I\000\040\000>\000\040\0008}{chapter.6}% 34
\BOOKMARK [0][-]{chapter.7}{\376\377\004\041\004\100\004\060\004\062\004\075\004\070\004\102\004\065\004\073\004\114\004\075\004\113\004\071\000\040\004\060\004\075\004\060\004\073\004\070\004\067\000\040\004\070\000\040\004\076\004\061\004\101\004\103\004\066\004\064\004\065\004\075\004\070\004\065}{}% 35
\BOOKMARK [1][-]{section.7.1}{\376\377\004\040\004\065\004\063\004\100\004\065\004\101\004\101\004\070\004\117\000\040\004\077\004\100\004\076\004\102\004\070\004\062\000\040\004\072\004\073\004\060\004\101\004\101\004\070\004\104\004\070\004\072\004\060\004\106\004\070\004\070}{chapter.7}% 36
\BOOKMARK [1][-]{section.7.2}{\376\377\004\033\004\070\004\075\004\065\004\071\004\075\004\113\004\065\000\040\004\074\004\076\004\064\004\065\004\073\004\070\000\040\004\077\004\100\004\076\004\102\004\070\004\062\000\040\004\060\004\075\004\101\004\060\004\074\004\061\004\073\004\065\004\071}{chapter.7}% 37
\BOOKMARK [1][-]{section.7.3}{\376\377\004\041\004\076\004\063\004\073\004\060\004\101\004\076\004\062\004\060\004\075\004\075\004\076\004\101\004\102\004\114\000\040\000E\000D\000A\000\040\004\070\000\040\004\104\004\070\004\075\004\060\004\073\004\114\004\075\004\113\004\105\000\040\004\100\004\065\004\067\004\103\004\073\004\114\004\102\004\060\004\102\004\076\004\062}{chapter.7}% 38
\BOOKMARK [1][-]{section.7.4}{\376\377\004\036\004\063\004\100\004\060\004\075\004\070\004\107\004\065\004\075\004\070\004\117\000\040\004\100\004\060\004\061\004\076\004\102\004\113}{chapter.7}% 39
\BOOKMARK [1][-]{section.7.5}{\376\377\004\040\004\065\004\072\004\076\004\074\004\065\004\075\004\064\004\060\004\106\004\070\004\070\000\040\004\077\004\076\000\040\004\100\004\060\004\067\004\062\004\070\004\102\004\070\004\116}{chapter.7}% 40
\BOOKMARK [0][-]{chapter*.13}{\376\377\004\027\004\060\004\072\004\073\004\116\004\107\004\065\004\075\004\070\004\065}{}% 41
